<html>
<body>
<pre>
<h1>µVision Build Log</h1>
<h2>Tool Versions:</h2>
IDE-Version: µVision V5.36.0.0
Copyright (C) 2021 ARM Ltd and ARM Germany GmbH. All rights reserved.
License Information: Amirhossein Najafizadeh, AUT, LIC=----
 
Tool Versions:
Toolchain:       MDK-Lite  Version: 5.36.0.0
Toolchain Path:  E:\keli5\ARM\ARMCLANG\Bin
C Compiler:      ArmClang.exe V6.16
Assembler:       Armasm.exe V6.16
Linker/Locator:  ArmLink.exe V6.16
Library Manager: ArmAr.exe V6.16
Hex Converter:   FromElf.exe V6.16
CPU DLL:         SARMCM3.DLL V5.36.0.0
Dialog DLL:      DCM.DLL V1.17.3.0
Target DLL:      UL2CM3.DLL V1.164.0.0
Dialog DLL:      TCM.DLL V1.53.0.0
 
<h2>Project:</h2>
C:\Users\AliReza\Desktop\New folder\project.uvprojx
Project File Date:  01/10/2022

<h2>Output:</h2>
*** Using Compiler 'V6.16', folder: 'E:\keli5\ARM\ARMCLANG\Bin'
Build target 'Target 1'
assembling main.s...
linking...
Program Size: Code=256 RO-data=244 RW-data=0 ZI-data=1024  
".\Objects\project.axf" - 0 Error(s), 0 Warning(s).

<h2>Software Packages used:</h2>

Package Vendor: ARM
                http://www.keil.com/pack/ARM.CMSIS.5.8.0.pack
                ARM.CMSIS.5.8.0
                CMSIS (Common Microcontroller Software Interface Standard)
   * Component: CORE Version: 5.5.0

Package Vendor: Microchip
                http://packs.download.atmel.com/Atmel.SAM3A_DFP.1.0.50.pack
                Atmel.SAM3A_DFP.1.0.50
                Atmel SAM3A Series Device Support
   * Component: Startup Version: 1.0.0

<h2>Collection of Component include folders:</h2>
  .\RTE\_Target_1
  E:\keli5-pack\ARM\CMSIS\5.8.0\CMSIS\Core\Include
  E:\keli5-pack\Atmel\SAM3A_DFP\1.0.50\include

<h2>Collection of Component Files used:</h2>

   * Component: ARM::CMSIS:CORE:5.5.0

   * Component: Microchip::Device:Startup:1.0.0
      Source file:   templates\main.c
      Include file:  include\sam.h
      Source file:   templates\main.cpp
      Source file:   armcc\Device\SAM3XA\Source\ARM\startup_SAM3XA.s
      Source file:   armcc\Device\SAM3XA\Source\system_SAM3XA.c
Build Time Elapsed:  00:00:01
</pre>
</body>
</html>
